// Jest Snapshot v1, https://goo.gl/fbAQLP

exports[`TeamCard Should render a TeamCard 1`] = `
<div
  className="sc-bczRLJ hlyZLj"
>
  test
</div>
`;
